// Jest Snapshot v1, https://goo.gl/fbAQLP

exports[`productiv app snapshot test 1`] = `
<div>
  <div>
    <div
      class="EditableTodo"
    >
      <div
        class="mb-3"
      >
        <div
          class="float-end text-sm-end"
        >
          <button
            class="EditableTodo-toggle btn-link btn btn-sm"
          >
            Edit
          </button>
          <button
            class="EditableTodo-delBtn btn-link btn btn-sm text-danger"
          >
            Del
          </button>
        </div>
        <div
          class="Todo"
        >
          <div>
            <b>
              testTitle
            </b>
             
            <small>
              (priority: 
              1
              )
            </small>
          </div>
          <div>
            <small>
              testDesc
            </small>
          </div>
        </div>
      </div>
    </div>
  </div>
</div>
`;
